// Jest Snapshot v1, https://goo.gl/fbAQLP

exports[`<RootWrapper /> should render correctly 1`] = `
.c0 {
  display: -webkit-box;
  display: -webkit-flex;
  display: -ms-flexbox;
  display: flex;
  -webkit-flex-direction: column;
  -ms-flex-direction: column;
  flex-direction: column;
  min-height: 100vh;
  overflow-x: hidden;
}

<div
  className="c0"
/>
`;
