// Jest Snapshot v1, https://goo.gl/fbAQLP

exports[`<Main /> should render correctly 1`] = `
<styled.div>
  <h1>
    Hello React
  </h1>
  <div>
    <span>
      Current value: current
    </span>
  </div>
  <Button
    onClick={[MockFunction]}
  >
    Change value
  </Button>
</styled.div>
`;
