// Jest Snapshot v1, https://goo.gl/fbAQLP

exports[`<NavbarWrapper /> should render correctly 1`] = `
.c0 {
  -webkit-flex-shrink: 0;
  -ms-flex-negative: 0;
  flex-shrink: 0;
  display: -webkit-box;
  display: -webkit-flex;
  display: -ms-flexbox;
  display: flex;
  -webkit-box-pack: justify;
  -webkit-justify-content: space-between;
  -ms-flex-pack: justify;
  justify-content: space-between;
  -webkit-align-items: center;
  -webkit-box-align: center;
  -ms-flex-align: center;
  align-items: center;
  padding: 1rem 2rem;
  background-color: black;
  color: white;
}

<nav
  className="c0"
/>
`;
