// Jest Snapshot v1, https://goo.gl/fbAQLP

exports[`<NavLink /> should render correctly 1`] = `
.c0 {
  color: white;
  -webkit-text-decoration: none;
  text-decoration: none;
  cursor: pointer;
  -webkit-font-smoothing: antialiased;
}

<Link
  className="c0"
  replace={false}
  to="/test"
/>
`;
